<?xml version="1.0" encoding="UTF-8"?>
<testsuites name="jest tests" tests="5" failures="4" errors="0" time="1.403">
  <testsuite name="getAvatar" errors="0" failures="4" skipped="0" timestamp="2025-07-09T03:28:08" time="1.232" tests="5">
    <testcase classname="getAvatar returns 404 when no character IDs found" name="getAvatar returns 404 when no character IDs found" time="0.003">
      <failure>Error: expect(jest.fn()).toHaveBeenCalledWith(...expected)

Expected: StringMatching /SELECT character_id/, [&quot;s1&quot;, &quot;j1&quot;, &quot;g1&quot;]

Number of calls: 0
    at Object.&lt;anonymous&gt; (C:\Users\jinhy\Desktop\DFO-stats\src\__tests__\controllers\avatarController.spec.ts:58:29)
    at processTicksAndRejections (node:internal/process/task_queues:105:5)</failure>
    </testcase>
    <testcase classname="getAvatar skips when API errors or no avatar array" name="getAvatar skips when API errors or no avatar array" time="0">
      <failure>Error: expect(jest.fn()).toHaveBeenCalled()

Expected number of calls: &gt;= 1
Received number of calls:    0
    at Object.&lt;anonymous&gt; (C:\Users\jinhy\Desktop\DFO-stats\src\__tests__\controllers\avatarController.spec.ts:72:26)
    at processTicksAndRejections (node:internal/process/task_queues:105:5)</failure>
    </testcase>
    <testcase classname="getAvatar inserts avatar and emblems when present" name="getAvatar inserts avatar and emblems when present" time="0">
      <failure>Error: expect(jest.fn()).toHaveBeenCalledTimes(expected)

Expected number of calls: 4
Received number of calls: 0
    at Object.&lt;anonymous&gt; (C:\Users\jinhy\Desktop\DFO-stats\src\__tests__\controllers\avatarController.spec.ts:93:29)
    at processTicksAndRejections (node:internal/process/task_queues:105:5)</failure>
    </testcase>
    <testcase classname="getAvatarStats aggregates and returns avatar and emblem stats" name="getAvatarStats aggregates and returns avatar and emblem stats" time="0.001">
      <failure>Error: expect(jest.fn()).toHaveBeenCalledTimes(expected)

Expected number of calls: 3
Received number of calls: 0
    at Object.&lt;anonymous&gt; (C:\Users\jinhy\Desktop\DFO-stats\src\__tests__\controllers\avatarController.spec.ts:129:29)
    at processTicksAndRejections (node:internal/process/task_queues:105:5)</failure>
    </testcase>
    <testcase classname="getAvatarStats sends 500 when a DB error occurs" name="getAvatarStats sends 500 when a DB error occurs" time="0.001">
    </testcase>
  </testsuite>
</testsuites>